[0/2] Re-checking globbed directories...
[1/169] Building C object CMakeFiles/nexus.dir/src/core/nx_arena.c.obj
[2/169] Building C object CMakeFiles/nexus.dir/src/core/nx_crc32c.c.obj
[3/169] Building C object CMakeFiles/nexus.dir/src/core/nx_buf.c.obj
[4/169] Building C object CMakeFiles/nexus.dir/src/core/nx_simd.c.obj
[5/169] Building C object CMakeFiles/nexus.dir/src/core/nx_mem.c.obj
[6/169] Building C object CMakeFiles/nexus.dir/src/core/nx_file.c.obj
[7/169] Building C object CMakeFiles/nexus.dir/src/core/nx_status.c.obj
[8/169] Building C object CMakeFiles/nexus.dir/src/core/nx_json.c.obj
[9/169] Building C object CMakeFiles/nexus.dir/src/core/nx_utf8.c.obj
[10/169] Building C object CMakeFiles/nexus.dir/src/engine/nx_search_index.c.obj
[11/169] Building C object CMakeFiles/nexus.dir/src/index/nx_bitmap.c.obj
[12/169] Building C object CMakeFiles/nexus.dir/src/core/nx_thread.c.obj
[13/169] Building C object CMakeFiles/nexus.dir/src/index/nx_bsi.c.obj
[14/169] Building C object CMakeFiles/nexus.dir/src/index/nx_fuzzy.c.obj
[15/169] Building C object CMakeFiles/nexus.dir/src/index/nx_dict.c.obj
[16/169] Building C object CMakeFiles/nexus.dir/src/engine/nx_search.c.obj
[17/169] Building C object CMakeFiles/nexus.dir/src/index/nx_graph.c.obj
[18/169] Building C object CMakeFiles/nexus.dir/src/index/nx_postings.c.obj
[19/169] Building C object CMakeFiles/nexus.dir/src/index/nx_rabitq.c.obj
[20/169] Building C object CMakeFiles/nexus.dir/src/index/nx_trigram.c.obj
[21/169] Building C object CMakeFiles/nexus.dir/src/index/nx_regex.c.obj
[22/169] Building C object CMakeFiles/nexus.dir/src/query/nx_date.c.obj
[23/169] Building C object CMakeFiles/nexus.dir/src/query/nx_ast.c.obj
[24/169] Building C object CMakeFiles/nexus.dir/src/index/nx_vec.c.obj
[25/169] Building C object CMakeFiles/nexus.dir/src/seg/nx_seg_builder.c.obj
[26/169] Building C object CMakeFiles/nexus.dir/src/store/nx_merge.c.obj
[27/169] Building C object CMakeFiles/nexus.dir/src/seg/nx_table.c.obj
[28/169] Building C object CMakeFiles/nexus.dir/src/query/nx_parse.c.obj
[29/169] Building C object CMakeFiles/nexus.dir/src/store/nx_wal.c.obj
[30/169] Building C object CMakeFiles/nexus_shared.dir/src/core/nx_arena.c.obj
[31/169] Building C object CMakeFiles/nexus.dir/src/server/nx_server.c.obj
[32/169] Building C object CMakeFiles/nexus.dir/src/store/nx_store.c.obj
[33/169] Building C object CMakeFiles/nexus.dir/src/store/nx_update.c.obj
[34/169] Building C object CMakeFiles/nexus_shared.dir/src/core/nx_crc32c.c.obj
[35/169] Building C object CMakeFiles/nexus_shared.dir/src/core/nx_buf.c.obj
[36/169] Building C object CMakeFiles/nexus_shared.dir/src/core/nx_simd.c.obj
[37/169] Building C object CMakeFiles/nexus_shared.dir/src/core/nx_mem.c.obj
[38/169] Building C object CMakeFiles/nexus_shared.dir/src/core/nx_status.c.obj
[39/169] Building C object CMakeFiles/nexus_shared.dir/src/core/nx_json.c.obj
[40/169] Building C object CMakeFiles/nexus_shared.dir/src/core/nx_file.c.obj
[41/169] Building C object CMakeFiles/nexus_shared.dir/src/core/nx_utf8.c.obj
[42/169] Building C object CMakeFiles/nexus_shared.dir/src/core/nx_thread.c.obj
[43/169] Building C object CMakeFiles/nexus_shared.dir/src/index/nx_bitmap.c.obj
[44/169] Building C object CMakeFiles/nexus_shared.dir/src/engine/nx_search_index.c.obj
[45/169] Building C object CMakeFiles/nexus_shared.dir/src/index/nx_fuzzy.c.obj
[46/169] Building C object CMakeFiles/nexus_shared.dir/src/index/nx_bsi.c.obj
[47/169] Building C object CMakeFiles/nexus_shared.dir/src/index/nx_dict.c.obj
[48/169] Building C object CMakeFiles/nexus_shared.dir/src/engine/nx_search.c.obj
[49/169] Building C object CMakeFiles/nexus_shared.dir/src/index/nx_postings.c.obj
[50/169] Building C object CMakeFiles/nexus_shared.dir/src/index/nx_graph.c.obj
[51/169] Building C object CMakeFiles/nexus_shared.dir/src/index/nx_rabitq.c.obj
[52/169] Building C object CMakeFiles/nexus_shared.dir/src/index/nx_regex.c.obj
[53/169] Building C object CMakeFiles/nexus_shared.dir/src/index/nx_trigram.c.obj
[54/169] Building C object CMakeFiles/nexus_shared.dir/src/query/nx_date.c.obj
[55/169] Building C object CMakeFiles/nexus_shared.dir/src/query/nx_ast.c.obj
[56/169] Building C object CMakeFiles/nexus_shared.dir/src/index/nx_vec.c.obj
[57/169] Building C object CMakeFiles/nexus_shared.dir/src/seg/nx_seg_builder.c.obj
[58/169] Building C object CMakeFiles/nexus_shared.dir/src/store/nx_merge.c.obj
[59/169] Building C object CMakeFiles/nexus_shared.dir/src/seg/nx_table.c.obj
[60/169] Building C object CMakeFiles/nexus_shared.dir/src/query/nx_parse.c.obj
[61/169] Building C object CMakeFiles/nexus_shared.dir/src/store/nx_wal.c.obj
[62/169] Building C object CMakeFiles/nexus_shared.dir/src/server/nx_server.c.obj
[63/169] Linking C static library libnexus.a
[64/169] Building C object CMakeFiles/nexus_shared.dir/src/store/nx_store.c.obj
[65/169] Building C object CMakeFiles/nexus_shared.dir/src/store/nx_update.c.obj
[66/169] Linking C shared library libnexus.dll
[67/169] Building C object CMakeFiles/test_arena_rollback.dir/tests/test_arena_rollback.c.obj
[68/169] Building C object CMakeFiles/nexus_cli.dir/src/cli/nexus.c.obj
[69/169] Building C object CMakeFiles/test_arena_rollback_shared.dir/tests/test_arena_rollback.c.obj
[70/169] Building C object CMakeFiles/test_bitmap.dir/tests/test_bitmap.c.obj
[71/169] Building C object CMakeFiles/test_bitmap_shared.dir/tests/test_bitmap.c.obj
[72/169] Building C object CMakeFiles/test_bsi.dir/tests/test_bsi.c.obj
[73/169] Building C object CMakeFiles/test_bsi_shared.dir/tests/test_bsi.c.obj
[74/169] Building C object CMakeFiles/test_core.dir/tests/test_core.c.obj
[75/169] Building C object CMakeFiles/test_core_shared.dir/tests/test_core.c.obj
[76/169] Building C object CMakeFiles/test_dict.dir/tests/test_dict.c.obj
[77/169] Building C object CMakeFiles/test_dict_shared.dir/tests/test_dict.c.obj
[78/169] Building C object CMakeFiles/test_fuzzy.dir/tests/test_fuzzy.c.obj
[79/169] Building C object CMakeFiles/test_fuzzy_shared.dir/tests/test_fuzzy.c.obj
[80/169] Building C object CMakeFiles/test_graph.dir/tests/test_graph.c.obj
[81/169] Building C object CMakeFiles/test_graph_shared.dir/tests/test_graph.c.obj
[82/169] Building C object CMakeFiles/test_json.dir/tests/test_json.c.obj
[83/169] Building C object CMakeFiles/test_json_shared.dir/tests/test_json.c.obj
[84/169] Building C object CMakeFiles/test_merge.dir/tests/test_merge.c.obj
[85/169] Building C object CMakeFiles/test_merge_shared.dir/tests/test_merge.c.obj
[86/169] Building C object CMakeFiles/test_parse.dir/tests/test_parse.c.obj
[87/169] Building C object CMakeFiles/test_platform.dir/tests/test_platform.c.obj
[88/169] Building C object CMakeFiles/test_parse_shared.dir/tests/test_parse.c.obj
[89/169] Building C object CMakeFiles/test_platform_shared.dir/tests/test_platform.c.obj
[90/169] Building C object CMakeFiles/test_postings.dir/tests/test_postings.c.obj
[91/169] Building C object CMakeFiles/test_postings_shared.dir/tests/test_postings.c.obj
[92/169] Building C object CMakeFiles/test_rabitq.dir/tests/test_rabitq.c.obj
[93/169] Building C object CMakeFiles/test_rabitq_shared.dir/tests/test_rabitq.c.obj
[94/169] Building C object CMakeFiles/test_regex.dir/tests/test_regex.c.obj
[95/169] Building C object CMakeFiles/test_regex_shared.dir/tests/test_regex.c.obj
[96/169] Building C object CMakeFiles/test_search.dir/tests/test_search.c.obj
[97/169] Building C object CMakeFiles/test_search_shared.dir/tests/test_search.c.obj
[98/169] Building C object CMakeFiles/test_search_index.dir/tests/test_search_index.c.obj
[99/169] Building C object CMakeFiles/test_search_index_shared.dir/tests/test_search_index.c.obj
[100/169] Building C object CMakeFiles/test_seg_builder.dir/tests/test_seg_builder.c.obj
[101/169] Building C object CMakeFiles/test_seg_builder_shared.dir/tests/test_seg_builder.c.obj
[102/169] Building C object CMakeFiles/test_server.dir/tests/test_server.c.obj
[103/169] Building C object CMakeFiles/test_server_shared.dir/tests/test_server.c.obj
[104/169] Building C object CMakeFiles/test_simd.dir/tests/test_simd.c.obj
[105/169] Building C object CMakeFiles/test_simd_shared.dir/tests/test_simd.c.obj
[106/169] Building C object CMakeFiles/test_trigram.dir/tests/test_trigram.c.obj
[107/169] Building C object CMakeFiles/test_table.dir/tests/test_table.c.obj
[108/169] Building C object CMakeFiles/test_trigram_shared.dir/tests/test_trigram.c.obj
[109/169] Building C object CMakeFiles/test_table_shared.dir/tests/test_table.c.obj
[110/169] Building C object CMakeFiles/test_update.dir/tests/test_update.c.obj
[111/169] Building C object CMakeFiles/test_update_shared.dir/tests/test_update.c.obj
[112/169] Building C object CMakeFiles/test_utf8.dir/tests/test_utf8.c.obj
[113/169] Building C object CMakeFiles/test_utf8_shared.dir/tests/test_utf8.c.obj
[114/169] Building C object CMakeFiles/test_vec.dir/tests/test_vec.c.obj
[115/169] Building C object CMakeFiles/test_vec_shared.dir/tests/test_vec.c.obj
[116/169] Building C object CMakeFiles/test_wal.dir/tests/test_wal.c.obj
[117/169] Linking C executable nexus.exe
[118/169] Building C object CMakeFiles/test_wal_shared.dir/tests/test_wal.c.obj
[119/169] Linking C executable test_arena_rollback.exe
[120/169] Linking C executable test_bitmap.exe
[121/169] Linking C executable test_arena_rollback_shared.exe
[122/169] Linking C executable test_bitmap_shared.exe
[123/169] Linking C executable test_bsi.exe
[124/169] Linking C executable test_core.exe
[125/169] Linking C executable test_bsi_shared.exe
[126/169] Linking C executable test_core_shared.exe
[127/169] Linking C executable test_dict.exe
[128/169] Linking C executable test_fuzzy.exe
[129/169] Linking C executable test_dict_shared.exe
[130/169] Linking C executable test_fuzzy_shared.exe
[131/169] Linking C executable test_graph.exe
[132/169] Linking C executable test_graph_shared.exe
[133/169] Linking C executable test_json.exe
[134/169] Linking C executable test_json_shared.exe
[135/169] Linking C executable test_merge.exe
[136/169] Linking C executable test_parse.exe
[137/169] Linking C executable test_parse_shared.exe
[138/169] Linking C executable test_merge_shared.exe
[139/169] Linking C executable test_platform.exe
[140/169] Linking C executable test_postings.exe
[141/169] Linking C executable test_rabitq.exe
[142/169] Linking C executable test_platform_shared.exe
[143/169] Linking C executable test_postings_shared.exe
[144/169] Linking C executable test_regex.exe
[145/169] Linking C executable test_rabitq_shared.exe
[146/169] Linking C executable test_regex_shared.exe
[147/169] Linking C executable test_search.exe
[148/169] Linking C executable test_search_shared.exe
[149/169] Linking C executable test_search_index.exe
[150/169] Linking C executable test_seg_builder.exe
[151/169] Linking C executable test_search_index_shared.exe
[152/169] Linking C executable test_seg_builder_shared.exe
[153/169] Linking C executable test_simd.exe
[154/169] Linking C executable test_server_shared.exe
[155/169] Linking C executable test_server.exe
[156/169] Linking C executable test_simd_shared.exe
[157/169] Linking C executable test_table.exe
[158/169] Linking C executable test_trigram.exe
[159/169] Linking C executable test_table_shared.exe
[160/169] Linking C executable test_trigram_shared.exe
[161/169] Linking C executable test_update_shared.exe
[162/169] Linking C executable test_update.exe
[163/169] Linking C executable test_utf8.exe
[164/169] Linking C executable test_utf8_shared.exe
[165/169] Linking C executable test_vec.exe
[166/169] Linking C executable test_wal.exe
[167/169] Linking C executable test_vec_shared.exe
[168/169] Linking C executable test_wal_shared.exe
