[0/2] Re-checking globbed directories...
[1/173] Building C object CMakeFiles/nexus.dir/src/core/nx_arena.c.obj
[2/173] Building C object CMakeFiles/nexus.dir/src/core/nx_crc32c.c.obj
[3/173] Building C object CMakeFiles/nexus.dir/src/core/nx_buf.c.obj
[4/173] Building C object CMakeFiles/nexus.dir/src/core/nx_simd.c.obj
[5/173] Building C object CMakeFiles/nexus.dir/src/core/nx_mem.c.obj
[6/173] Building C object CMakeFiles/nexus.dir/src/core/nx_file.c.obj
[7/173] Building C object CMakeFiles/nexus.dir/src/core/nx_status.c.obj
[8/173] Building C object CMakeFiles/nexus.dir/src/core/nx_json.c.obj
[9/173] Building C object CMakeFiles/nexus.dir/src/core/nx_utf8.c.obj
[10/173] Building C object CMakeFiles/nexus.dir/src/engine/nx_search_index.c.obj
[11/173] Building C object CMakeFiles/nexus.dir/src/index/nx_bitmap.c.obj
[12/173] Building C object CMakeFiles/nexus.dir/src/core/nx_thread.c.obj
[13/173] Building C object CMakeFiles/nexus.dir/src/index/nx_bsi.c.obj
[14/173] Building C object CMakeFiles/nexus.dir/src/index/nx_fuzzy.c.obj
[15/173] Building C object CMakeFiles/nexus.dir/src/index/nx_dict.c.obj
[16/173] Building C object CMakeFiles/nexus.dir/src/engine/nx_search.c.obj
[17/173] Building C object CMakeFiles/nexus.dir/src/index/nx_graph.c.obj
[18/173] Building C object CMakeFiles/nexus.dir/src/index/nx_postings.c.obj
[19/173] Building C object CMakeFiles/nexus.dir/src/index/nx_rabitq.c.obj
[20/173] Building C object CMakeFiles/nexus.dir/src/index/nx_trigram.c.obj
[21/173] Building C object CMakeFiles/nexus.dir/src/index/nx_regex.c.obj
[22/173] Building C object CMakeFiles/nexus.dir/src/query/nx_date.c.obj
[23/173] Building C object CMakeFiles/nexus.dir/src/index/nx_vec.c.obj
[24/173] Building C object CMakeFiles/nexus.dir/src/query/nx_ast.c.obj
[25/173] Building C object CMakeFiles/nexus.dir/src/seg/nx_seg_builder.c.obj
[26/173] Building C object CMakeFiles/nexus.dir/src/store/nx_merge.c.obj
[27/173] Building C object CMakeFiles/nexus.dir/src/seg/nx_table.c.obj
[28/173] Building C object CMakeFiles/nexus.dir/src/query/nx_parse.c.obj
[29/173] Building C object CMakeFiles/nexus.dir/src/store/nx_wal.c.obj
[30/173] Building C object CMakeFiles/nexus_shared.dir/src/core/nx_arena.c.obj
[31/173] Building C object CMakeFiles/nexus.dir/src/server/nx_server.c.obj
[32/173] Building C object CMakeFiles/nexus_shared.dir/src/core/nx_crc32c.c.obj
[33/173] Building C object CMakeFiles/nexus.dir/src/store/nx_store.c.obj
[34/173] Building C object CMakeFiles/nexus.dir/src/store/nx_update.c.obj
[35/173] Building C object CMakeFiles/nexus_shared.dir/src/core/nx_buf.c.obj
[36/173] Building C object CMakeFiles/nexus_shared.dir/src/core/nx_simd.c.obj
[37/173] Building C object CMakeFiles/nexus_shared.dir/src/core/nx_mem.c.obj
[38/173] Building C object CMakeFiles/nexus_shared.dir/src/core/nx_status.c.obj
[39/173] Building C object CMakeFiles/nexus_shared.dir/src/core/nx_json.c.obj
[40/173] Building C object CMakeFiles/nexus_shared.dir/src/core/nx_file.c.obj
[41/173] Building C object CMakeFiles/nexus_shared.dir/src/core/nx_utf8.c.obj
[42/173] Building C object CMakeFiles/nexus_shared.dir/src/engine/nx_search_index.c.obj
[43/173] Building C object CMakeFiles/nexus_shared.dir/src/index/nx_bitmap.c.obj
[44/173] Building C object CMakeFiles/nexus_shared.dir/src/core/nx_thread.c.obj
[45/173] Building C object CMakeFiles/nexus_shared.dir/src/index/nx_fuzzy.c.obj
[46/173] Building C object CMakeFiles/nexus_shared.dir/src/index/nx_dict.c.obj
[47/173] Building C object CMakeFiles/nexus_shared.dir/src/index/nx_bsi.c.obj
[48/173] Building C object CMakeFiles/nexus_shared.dir/src/engine/nx_search.c.obj
[49/173] Building C object CMakeFiles/nexus_shared.dir/src/index/nx_postings.c.obj
[50/173] Building C object CMakeFiles/nexus_shared.dir/src/index/nx_graph.c.obj
[51/173] Building C object CMakeFiles/nexus_shared.dir/src/index/nx_rabitq.c.obj
[52/173] Building C object CMakeFiles/nexus_shared.dir/src/index/nx_regex.c.obj
[53/173] Building C object CMakeFiles/nexus_shared.dir/src/index/nx_trigram.c.obj
[54/173] Building C object CMakeFiles/nexus_shared.dir/src/query/nx_date.c.obj
[55/173] Building C object CMakeFiles/nexus_shared.dir/src/query/nx_ast.c.obj
[56/173] Building C object CMakeFiles/nexus_shared.dir/src/index/nx_vec.c.obj
[57/173] Building C object CMakeFiles/nexus_shared.dir/src/seg/nx_seg_builder.c.obj
[58/173] Building C object CMakeFiles/nexus_shared.dir/src/store/nx_merge.c.obj
[59/173] Building C object CMakeFiles/nexus_shared.dir/src/seg/nx_table.c.obj
[60/173] Building C object CMakeFiles/nexus_shared.dir/src/query/nx_parse.c.obj
[61/173] Building C object CMakeFiles/nexus_shared.dir/src/store/nx_wal.c.obj
[62/173] Building C object CMakeFiles/nexus_shared.dir/src/server/nx_server.c.obj
[63/173] Linking C static library libnexus.a
[64/173] Building C object CMakeFiles/nexus_shared.dir/src/store/nx_update.c.obj
[65/173] Building C object CMakeFiles/nexus_shared.dir/src/store/nx_store.c.obj
[66/173] Linking C shared library libnexus.dll
[67/173] Building C object CMakeFiles/test_arena_rollback.dir/tests/test_arena_rollback.c.obj
[68/173] Building C object CMakeFiles/nexus_cli.dir/src/cli/nexus.c.obj
[69/173] Building C object CMakeFiles/test_arena_rollback_shared.dir/tests/test_arena_rollback.c.obj
[70/173] Building C object CMakeFiles/test_bitmap.dir/tests/test_bitmap.c.obj
[71/173] Building C object CMakeFiles/test_bitmap_shared.dir/tests/test_bitmap.c.obj
[72/173] Building C object CMakeFiles/test_bsi.dir/tests/test_bsi.c.obj
[73/173] Building C object CMakeFiles/test_bsi_shared.dir/tests/test_bsi.c.obj
[74/173] Building C object CMakeFiles/test_core.dir/tests/test_core.c.obj
[75/173] Building C object CMakeFiles/test_date.dir/tests/test_date.c.obj
[76/173] Building C object CMakeFiles/test_core_shared.dir/tests/test_core.c.obj
[77/173] Building C object CMakeFiles/test_date_shared.dir/tests/test_date.c.obj
[78/173] Building C object CMakeFiles/test_fuzzy.dir/tests/test_fuzzy.c.obj
[79/173] Building C object CMakeFiles/test_fuzzy_shared.dir/tests/test_fuzzy.c.obj
[80/173] Building C object CMakeFiles/test_dict.dir/tests/test_dict.c.obj
[81/173] Building C object CMakeFiles/test_dict_shared.dir/tests/test_dict.c.obj
[82/173] Building C object CMakeFiles/test_graph.dir/tests/test_graph.c.obj
[83/173] Building C object CMakeFiles/test_graph_shared.dir/tests/test_graph.c.obj
[84/173] Building C object CMakeFiles/test_json.dir/tests/test_json.c.obj
[85/173] Building C object CMakeFiles/test_json_shared.dir/tests/test_json.c.obj
[86/173] Building C object CMakeFiles/test_merge.dir/tests/test_merge.c.obj
[87/173] Building C object CMakeFiles/test_merge_shared.dir/tests/test_merge.c.obj
[88/173] Building C object CMakeFiles/test_parse.dir/tests/test_parse.c.obj
[89/173] Building C object CMakeFiles/test_parse_shared.dir/tests/test_parse.c.obj
[90/173] Building C object CMakeFiles/test_platform.dir/tests/test_platform.c.obj
[91/173] Building C object CMakeFiles/test_platform_shared.dir/tests/test_platform.c.obj
[92/173] Building C object CMakeFiles/test_postings_shared.dir/tests/test_postings.c.obj
[93/173] Building C object CMakeFiles/test_postings.dir/tests/test_postings.c.obj
[94/173] Building C object CMakeFiles/test_rabitq.dir/tests/test_rabitq.c.obj
[95/173] Building C object CMakeFiles/test_rabitq_shared.dir/tests/test_rabitq.c.obj
[96/173] Building C object CMakeFiles/test_regex.dir/tests/test_regex.c.obj
[97/173] Building C object CMakeFiles/test_regex_shared.dir/tests/test_regex.c.obj
[98/173] Building C object CMakeFiles/test_search.dir/tests/test_search.c.obj
[99/173] Building C object CMakeFiles/test_search_shared.dir/tests/test_search.c.obj
[100/173] Building C object CMakeFiles/test_search_index.dir/tests/test_search_index.c.obj
[101/173] Building C object CMakeFiles/test_search_index_shared.dir/tests/test_search_index.c.obj
[102/173] Building C object CMakeFiles/test_seg_builder.dir/tests/test_seg_builder.c.obj
[103/173] Building C object CMakeFiles/test_seg_builder_shared.dir/tests/test_seg_builder.c.obj
[104/173] Building C object CMakeFiles/test_server.dir/tests/test_server.c.obj
[105/173] Building C object CMakeFiles/test_server_shared.dir/tests/test_server.c.obj
[106/173] Building C object CMakeFiles/test_simd.dir/tests/test_simd.c.obj
[107/173] Building C object CMakeFiles/test_simd_shared.dir/tests/test_simd.c.obj
[108/173] Building C object CMakeFiles/test_table.dir/tests/test_table.c.obj
[109/173] Building C object CMakeFiles/test_table_shared.dir/tests/test_table.c.obj
[110/173] Building C object CMakeFiles/test_trigram.dir/tests/test_trigram.c.obj
[111/173] Building C object CMakeFiles/test_trigram_shared.dir/tests/test_trigram.c.obj
[112/173] Building C object CMakeFiles/test_update.dir/tests/test_update.c.obj
[113/173] Building C object CMakeFiles/test_update_shared.dir/tests/test_update.c.obj
[114/173] Building C object CMakeFiles/test_utf8.dir/tests/test_utf8.c.obj
[115/173] Building C object CMakeFiles/test_utf8_shared.dir/tests/test_utf8.c.obj
[116/173] Building C object CMakeFiles/test_vec.dir/tests/test_vec.c.obj
[117/173] Building C object CMakeFiles/test_vec_shared.dir/tests/test_vec.c.obj
[118/173] Building C object CMakeFiles/test_wal.dir/tests/test_wal.c.obj
[119/173] Building C object CMakeFiles/test_wal_shared.dir/tests/test_wal.c.obj
[120/173] Linking C executable test_arena_rollback.exe
[121/173] Linking C executable nexus.exe
[122/173] Linking C executable test_arena_rollback_shared.exe
[123/173] Linking C executable test_bitmap.exe
[124/173] Linking C executable test_bsi.exe
[125/173] Linking C executable test_bitmap_shared.exe
[126/173] Linking C executable test_bsi_shared.exe
[127/173] Linking C executable test_core.exe
[128/173] Linking C executable test_date.exe
[129/173] Linking C executable test_core_shared.exe
[130/173] Linking C executable test_date_shared.exe
[131/173] Linking C executable test_dict.exe
[132/173] Linking C executable test_fuzzy.exe
[133/173] Linking C executable test_dict_shared.exe
[134/173] Linking C executable test_fuzzy_shared.exe
[135/173] Linking C executable test_graph.exe
[136/173] Linking C executable test_json.exe
[137/173] Linking C executable test_graph_shared.exe
[138/173] Linking C executable test_json_shared.exe
[139/173] Linking C executable test_merge.exe
[140/173] Linking C executable test_merge_shared.exe
[141/173] Linking C executable test_parse.exe
[142/173] Linking C executable test_parse_shared.exe
[143/173] Linking C executable test_platform.exe
[144/173] Linking C executable test_platform_shared.exe
[145/173] Linking C executable test_postings.exe
[146/173] Linking C executable test_postings_shared.exe
[147/173] Linking C executable test_rabitq.exe
[148/173] Linking C executable test_regex.exe
[149/173] Linking C executable test_rabitq_shared.exe
[150/173] Linking C executable test_search.exe
[151/173] Linking C executable test_regex_shared.exe
[152/173] Linking C executable test_search_index.exe
[153/173] Linking C executable test_search_shared.exe
[154/173] Linking C executable test_search_index_shared.exe
[155/173] Linking C executable test_seg_builder.exe
[156/173] Linking C executable test_server.exe
[157/173] Linking C executable test_simd.exe
[158/173] Linking C executable test_seg_builder_shared.exe
[159/173] Linking C executable test_server_shared.exe
[160/173] Linking C executable test_simd_shared.exe
[161/173] Linking C executable test_table.exe
[162/173] Linking C executable test_trigram.exe
[163/173] Linking C executable test_table_shared.exe
[164/173] Linking C executable test_trigram_shared.exe
[165/173] Linking C executable test_utf8.exe
[166/173] Linking C executable test_update.exe
[167/173] Linking C executable test_update_shared.exe
[168/173] Linking C executable test_utf8_shared.exe
[169/173] Linking C executable test_vec.exe
[170/173] Linking C executable test_wal.exe
[171/173] Linking C executable test_vec_shared.exe
[172/173] Linking C executable test_wal_shared.exe
